vab: input should be a V file, an APK, AAB or a directory containing V sources