Error while parsing `os.args`: flag.UnkownFlagError: Unknown flag `--non-existing-flag`
Use `vab -h` to see all flags